2025-10-24 14:17:26,219 - config - INFO - Se procede a iniciar sesion
2025-10-24 14:17:55,367 - config - INFO - Se incia sesion correctamente
2025-10-24 14:18:20,517 - config - INFO - Se ingresa al modulo de URL_ADMIN_USUARIOS
2025-10-24 14:18:25,583 - config - INFO - esperando
2025-10-24 14:18:25,590 - config - INFO - Total de filas encontradas: 10
2025-10-24 14:18:27,611 - config - INFO - Fila 1 - color: rgb(45, 172, 49)
2025-10-24 14:18:27,669 - config - INFO - Se hizo clic en el radio button de la fila 1
2025-10-24 14:18:29,842 - config - INFO - Se hizo clic en el boton actualizar
2025-10-24 14:18:31,868 - config - INFO - Fila 2 - color: rgb(45, 172, 49)
2025-10-24 14:18:31,899 - config - INFO - Se hizo clic en el radio button de la fila 2
2025-10-24 14:18:34,016 - config - INFO - Se hizo clic en el boton actualizar
2025-10-24 14:18:36,042 - config - INFO - Fila 3 - color: rgb(45, 172, 49)
2025-10-24 14:18:36,079 - config - INFO - Se hizo clic en el radio button de la fila 3
2025-10-24 14:18:38,196 - config - INFO - Se hizo clic en el boton actualizar
2025-10-24 14:18:40,224 - config - INFO - Fila 4 - color: rgb(45, 172, 49)
2025-10-24 14:18:40,259 - config - INFO - Se hizo clic en el radio button de la fila 4
2025-10-24 14:18:42,378 - config - INFO - Se hizo clic en el boton actualizar
2025-10-24 14:18:44,401 - config - INFO - Fila 5 - color: rgb(45, 172, 49)
2025-10-24 14:18:44,439 - config - INFO - Se hizo clic en el radio button de la fila 5
2025-10-24 14:18:46,554 - config - INFO - Se hizo clic en el boton actualizar
2025-10-24 14:18:48,570 - config - INFO - Fila 6 - color: rgb(45, 172, 49)
2025-10-24 14:18:48,600 - config - INFO - Se hizo clic en el radio button de la fila 6
2025-10-24 14:18:50,718 - config - INFO - Se hizo clic en el boton actualizar
2025-10-24 14:18:52,740 - config - INFO - Fila 7 - color: rgb(45, 172, 49)
2025-10-24 14:18:52,783 - config - INFO - Se hizo clic en el radio button de la fila 7
2025-10-24 14:18:54,902 - config - INFO - Se hizo clic en el boton actualizar
2025-10-24 14:18:56,915 - config - INFO - Fila 8 - color: rgb(45, 172, 49)
2025-10-24 14:18:56,947 - config - INFO - Se hizo clic en el radio button de la fila 8
2025-10-24 14:18:59,060 - config - INFO - Se hizo clic en el boton actualizar
2025-10-24 14:19:01,077 - config - INFO - Fila 9 - color: rgb(45, 172, 49)
2025-10-24 14:19:01,109 - config - INFO - Se hizo clic en el radio button de la fila 9
2025-10-24 14:19:03,225 - config - INFO - Se hizo clic en el boton actualizar
2025-10-24 14:19:05,249 - config - INFO - Fila 10 - color: rgb(45, 172, 49)
2025-10-24 14:19:05,291 - config - INFO - Se hizo clic en el radio button de la fila 10
2025-10-24 14:19:07,407 - config - INFO - Se hizo clic en el boton actualizar
