2025-10-24 15:34:25,358 - config - INFO - Se procede a iniciar sesion
2025-10-24 15:34:54,485 - config - INFO - Se incia sesion correctamente
2025-10-24 15:35:24,272 - config - INFO - Se ingresa al modulo de URL_ADMIN_USUARIOS
2025-10-24 15:35:29,371 - config - INFO - esperando
2025-10-24 15:35:29,381 - config - INFO - Total de filas encontradas: 10
2025-10-24 15:35:31,402 - config - INFO - Fila 1 - color: rgb(45, 172, 49)
2025-10-24 15:35:31,444 - config - INFO - Clic en radio de fila 1
2025-10-24 15:35:35,621 - config - INFO - Registro actualizado correctamente
2025-10-24 15:35:35,621 - config - INFO - Registro actualizado.
2025-10-24 15:35:38,478 - config - INFO - Fila 2 - color: rgb(45, 172, 49)
2025-10-24 15:35:38,515 - config - INFO - Clic en radio de fila 2
2025-10-24 15:35:42,909 - config - INFO - Registro actualizado correctamente
2025-10-24 15:35:42,910 - config - INFO - Registro actualizado.
2025-10-24 15:35:46,104 - config - INFO - Fila 3 - color: rgb(45, 172, 49)
2025-10-24 15:35:46,140 - config - INFO - Clic en radio de fila 3
2025-10-24 15:35:50,273 - config - INFO - Registro actualizado correctamente
2025-10-24 15:35:50,274 - config - INFO - Registro actualizado.
2025-10-24 15:35:53,213 - config - INFO - Fila 4 - color: rgb(45, 172, 49)
2025-10-24 15:35:53,270 - config - INFO - Clic en radio de fila 4
2025-10-24 15:35:57,432 - config - INFO - Registro actualizado correctamente
2025-10-24 15:35:57,432 - config - INFO - Registro actualizado.
2025-10-24 15:36:00,303 - config - INFO - Fila 5 - color: rgb(45, 172, 49)
2025-10-24 15:36:00,348 - config - INFO - Clic en radio de fila 5
2025-10-24 15:36:04,500 - config - INFO - Registro actualizado correctamente
2025-10-24 15:36:04,500 - config - INFO - Registro actualizado.
2025-10-24 15:36:07,375 - config - INFO - Fila 6 - color: rgb(45, 172, 49)
2025-10-24 15:36:07,407 - config - INFO - Clic en radio de fila 6
2025-10-24 15:36:11,521 - config - INFO - Registro actualizado correctamente
2025-10-24 15:36:11,521 - config - INFO - Registro actualizado.
2025-10-24 15:36:14,184 - config - INFO - Fila 7 - color: rgb(45, 172, 49)
2025-10-24 15:36:14,217 - config - INFO - Clic en radio de fila 7
2025-10-24 15:36:18,350 - config - INFO - Registro actualizado correctamente
2025-10-24 15:36:18,351 - config - INFO - Registro actualizado.
2025-10-24 15:36:21,216 - config - INFO - Fila 8 - color: rgb(45, 172, 49)
2025-10-24 15:36:21,245 - config - INFO - Clic en radio de fila 8
2025-10-24 15:36:25,360 - config - INFO - Registro actualizado correctamente
2025-10-24 15:36:25,360 - config - INFO - Registro actualizado.
2025-10-24 15:36:28,228 - config - INFO - Fila 9 - color: rgb(45, 172, 49)
2025-10-24 15:36:28,275 - config - INFO - Clic en radio de fila 9
2025-10-24 15:36:32,405 - config - INFO - Registro actualizado correctamente
2025-10-24 15:36:32,405 - config - INFO - Registro actualizado.
2025-10-24 15:36:35,267 - config - INFO - Fila 10 - color: rgb(45, 172, 49)
2025-10-24 15:36:35,300 - config - INFO - Clic en radio de fila 10
2025-10-24 15:36:39,433 - config - INFO - Registro actualizado correctamente
2025-10-24 15:36:39,434 - config - INFO - Registro actualizado.
2025-10-24 15:36:45,360 - config - INFO - Total de filas encontradas: 10
2025-10-24 15:36:47,388 - config - INFO - Fila 1 - color: rgb(45, 172, 49)
2025-10-24 15:36:47,426 - config - INFO - Clic en radio de fila 1
2025-10-24 15:36:51,538 - config - INFO - Registro actualizado correctamente
2025-10-24 15:36:51,539 - config - INFO - Registro actualizado.
2025-10-24 15:36:56,666 - config - INFO - Fila 2 - color: rgb(45, 172, 49)
2025-10-24 15:36:56,700 - config - INFO - Clic en radio de fila 2
2025-10-24 15:37:00,850 - config - INFO - Registro actualizado correctamente
2025-10-24 15:37:00,850 - config - INFO - Registro actualizado.
2025-10-24 15:37:05,764 - config - INFO - Fila 3 - color: rgb(45, 172, 49)
2025-10-24 15:37:05,793 - config - INFO - Clic en radio de fila 3
2025-10-24 15:37:09,909 - config - INFO - Registro actualizado correctamente
2025-10-24 15:37:09,909 - config - INFO - Registro actualizado.
2025-10-24 15:37:14,532 - config - INFO - Fila 4 - color: rgb(45, 172, 49)
2025-10-24 15:37:14,571 - config - INFO - Clic en radio de fila 4
2025-10-24 15:37:18,716 - config - INFO - Registro actualizado correctamente
2025-10-24 15:37:18,716 - config - INFO - Registro actualizado.
2025-10-24 15:37:23,624 - config - INFO - Fila 5 - color: rgb(45, 172, 49)
2025-10-24 15:37:23,885 - config - INFO - Clic en radio de fila 5
2025-10-24 15:37:28,026 - config - INFO - Registro actualizado correctamente
2025-10-24 15:37:28,026 - config - INFO - Registro actualizado.
2025-10-24 15:37:32,647 - config - INFO - Fila 6 - color: rgb(45, 172, 49)
2025-10-24 15:37:32,689 - config - INFO - Clic en radio de fila 6
2025-10-24 15:37:36,820 - config - INFO - Registro actualizado correctamente
2025-10-24 15:37:36,820 - config - INFO - Registro actualizado.
2025-10-24 15:37:41,400 - config - INFO - Fila 7 - color: rgb(45, 172, 49)
2025-10-24 15:37:41,430 - config - INFO - Clic en radio de fila 7
2025-10-24 15:37:45,547 - config - INFO - Registro actualizado correctamente
2025-10-24 15:37:45,547 - config - INFO - Registro actualizado.
2025-10-24 15:37:50,459 - config - INFO - Fila 8 - color: rgb(45, 172, 49)
2025-10-24 15:37:50,509 - config - INFO - Clic en radio de fila 8
2025-10-24 15:37:54,638 - config - INFO - Registro actualizado correctamente
2025-10-24 15:37:54,638 - config - INFO - Registro actualizado.
2025-10-24 15:37:59,563 - config - INFO - Fila 9 - color: rgb(45, 172, 49)
2025-10-24 15:37:59,598 - config - INFO - Clic en radio de fila 9
2025-10-24 15:38:03,697 - config - INFO - Registro actualizado correctamente
2025-10-24 15:38:03,697 - config - INFO - Registro actualizado.
2025-10-24 15:38:08,604 - config - INFO - Fila 10 - color: rgb(45, 172, 49)
2025-10-24 15:38:08,642 - config - INFO - Clic en radio de fila 10
2025-10-24 15:38:12,774 - config - INFO - Registro actualizado correctamente
2025-10-24 15:38:12,774 - config - INFO - Registro actualizado.
2025-10-24 15:38:20,582 - config - INFO - Total de filas encontradas: 10
2025-10-24 15:38:22,612 - config - INFO - Fila 1 - color: rgb(45, 172, 49)
2025-10-24 15:38:22,688 - config - INFO - Clic en radio de fila 1
2025-10-24 15:38:26,812 - config - INFO - Registro actualizado correctamente
2025-10-24 15:38:26,812 - config - INFO - Registro actualizado.
2025-10-24 15:38:31,445 - config - INFO - Fila 2 - color: rgb(45, 172, 49)
2025-10-24 15:38:31,474 - config - INFO - Clic en radio de fila 2
2025-10-24 15:38:35,606 - config - INFO - Registro actualizado correctamente
2025-10-24 15:38:35,606 - config - INFO - Registro actualizado.
2025-10-24 15:38:40,198 - config - INFO - Fila 3 - color: rgb(45, 172, 49)
2025-10-24 15:38:40,233 - config - INFO - Clic en radio de fila 3
2025-10-24 15:38:44,347 - config - INFO - Registro actualizado correctamente
2025-10-24 15:38:44,347 - config - INFO - Registro actualizado.
2025-10-24 15:38:49,263 - config - INFO - Fila 4 - color: rgb(45, 172, 49)
2025-10-24 15:38:49,291 - config - INFO - Clic en radio de fila 4
2025-10-24 15:38:53,424 - config - INFO - Registro actualizado correctamente
2025-10-24 15:38:53,424 - config - INFO - Registro actualizado.
2025-10-24 15:38:58,135 - config - INFO - Fila 5 - color: rgb(45, 172, 49)
2025-10-24 15:38:58,168 - config - INFO - Clic en radio de fila 5
2025-10-24 15:39:02,305 - config - INFO - Registro actualizado correctamente
2025-10-24 15:39:02,306 - config - INFO - Registro actualizado.
2025-10-24 15:39:07,228 - config - INFO - Fila 6 - color: rgb(45, 172, 49)
2025-10-24 15:39:07,261 - config - INFO - Clic en radio de fila 6
2025-10-24 15:39:11,392 - config - INFO - Registro actualizado correctamente
2025-10-24 15:39:11,392 - config - INFO - Registro actualizado.
2025-10-24 15:39:16,326 - config - INFO - Fila 7 - color: rgb(45, 172, 49)
2025-10-24 15:39:16,373 - config - INFO - Clic en radio de fila 7
2025-10-24 15:39:20,533 - config - INFO - Registro actualizado correctamente
2025-10-24 15:39:20,533 - config - INFO - Registro actualizado.
2025-10-24 15:39:25,136 - config - INFO - Fila 8 - color: rgb(45, 172, 49)
2025-10-24 15:39:25,162 - config - INFO - Clic en radio de fila 8
2025-10-24 15:39:29,277 - config - INFO - Registro actualizado correctamente
2025-10-24 15:39:29,278 - config - INFO - Registro actualizado.
2025-10-24 15:39:34,247 - config - INFO - Fila 9 - color: rgb(45, 172, 49)
2025-10-24 15:39:34,290 - config - INFO - Clic en radio de fila 9
2025-10-24 15:39:38,405 - config - INFO - Registro actualizado correctamente
2025-10-24 15:39:38,405 - config - INFO - Registro actualizado.
2025-10-24 15:39:43,047 - config - INFO - Fila 10 - color: rgb(45, 172, 49)
2025-10-24 15:39:43,082 - config - INFO - Clic en radio de fila 10
2025-10-24 15:39:47,232 - config - INFO - Registro actualizado correctamente
2025-10-24 15:39:47,232 - config - INFO - Registro actualizado.
2025-10-24 15:39:55,207 - config - INFO - Total de filas encontradas: 10
2025-10-24 15:39:57,239 - config - INFO - Fila 1 - color: rgb(45, 172, 49)
2025-10-24 15:39:57,306 - config - INFO - Clic en radio de fila 1
2025-10-24 15:40:01,453 - config - INFO - Registro actualizado correctamente
2025-10-24 15:40:01,453 - config - INFO - Registro actualizado.
2025-10-24 15:40:07,193 - config - INFO - Fila 2 - color: rgb(45, 172, 49)
2025-10-24 15:40:07,273 - config - INFO - Clic en radio de fila 2
2025-10-24 15:40:11,393 - config - INFO - Registro actualizado correctamente
2025-10-24 15:40:11,394 - config - INFO - Registro actualizado.
2025-10-24 15:40:16,306 - config - INFO - Fila 3 - color: rgb(45, 172, 49)
2025-10-24 15:40:16,337 - config - INFO - Clic en radio de fila 3
2025-10-24 15:40:20,452 - config - INFO - Registro actualizado correctamente
2025-10-24 15:40:20,452 - config - INFO - Registro actualizado.
2025-10-24 15:40:25,082 - config - INFO - Fila 4 - color: rgb(45, 172, 49)
2025-10-24 15:40:25,113 - config - INFO - Clic en radio de fila 4
2025-10-24 15:40:29,276 - config - INFO - Registro actualizado correctamente
2025-10-24 15:40:29,276 - config - INFO - Registro actualizado.
2025-10-24 15:40:33,942 - config - INFO - Fila 5 - color: rgb(45, 172, 49)
2025-10-24 15:40:33,973 - config - INFO - Clic en radio de fila 5
2025-10-24 15:40:38,070 - config - INFO - Registro actualizado correctamente
2025-10-24 15:40:38,071 - config - INFO - Registro actualizado.
2025-10-24 15:40:42,954 - config - INFO - Fila 6 - color: rgb(45, 172, 49)
2025-10-24 15:40:43,003 - config - INFO - Clic en radio de fila 6
2025-10-24 15:40:47,114 - config - INFO - Registro actualizado correctamente
2025-10-24 15:40:47,115 - config - INFO - Registro actualizado.
2025-10-24 15:40:52,020 - config - INFO - Fila 7 - color: rgb(45, 172, 49)
2025-10-24 15:40:52,060 - config - INFO - Clic en radio de fila 7
2025-10-24 15:40:56,218 - config - INFO - Registro actualizado correctamente
2025-10-24 15:40:56,218 - config - INFO - Registro actualizado.
2025-10-24 15:41:01,443 - config - INFO - Fila 8 - color: rgb(45, 172, 49)
2025-10-24 15:41:01,487 - config - INFO - Clic en radio de fila 8
2025-10-24 15:41:05,615 - config - INFO - Registro actualizado correctamente
2025-10-24 15:41:05,615 - config - INFO - Registro actualizado.
2025-10-24 15:41:10,225 - config - INFO - Fila 9 - color: rgb(45, 172, 49)
2025-10-24 15:41:10,261 - config - INFO - Clic en radio de fila 9
2025-10-24 15:41:14,408 - config - INFO - Registro actualizado correctamente
2025-10-24 15:41:14,409 - config - INFO - Registro actualizado.
2025-10-24 15:41:19,019 - config - INFO - Fila 10 - color: rgb(45, 172, 49)
2025-10-24 15:41:19,053 - config - INFO - Clic en radio de fila 10
2025-10-24 15:41:23,167 - config - INFO - Registro actualizado correctamente
2025-10-24 15:41:23,167 - config - INFO - Registro actualizado.
2025-10-24 15:41:31,145 - config - INFO - Total de filas encontradas: 10
2025-10-24 15:41:33,176 - config - INFO - Fila 1 - color: rgb(45, 172, 49)
2025-10-24 15:41:33,208 - config - INFO - Clic en radio de fila 1
2025-10-24 15:41:37,373 - config - INFO - Registro actualizado correctamente
2025-10-24 15:41:37,374 - config - INFO - Registro actualizado.
2025-10-24 15:41:42,299 - config - INFO - Fila 2 - color: rgb(45, 172, 49)
2025-10-24 15:41:42,333 - config - INFO - Clic en radio de fila 2
2025-10-24 15:41:46,450 - config - INFO - Registro actualizado correctamente
2025-10-24 15:41:46,450 - config - INFO - Registro actualizado.
2025-10-24 15:41:51,368 - config - INFO - Fila 3 - color: rgb(45, 172, 49)
2025-10-24 15:41:51,413 - config - INFO - Clic en radio de fila 3
2025-10-24 15:41:55,543 - config - INFO - Registro actualizado correctamente
2025-10-24 15:41:55,543 - config - INFO - Registro actualizado.
2025-10-24 15:42:00,173 - config - INFO - Fila 4 - color: rgb(45, 172, 49)
2025-10-24 15:42:00,222 - config - INFO - Clic en radio de fila 4
2025-10-24 15:42:04,384 - config - INFO - Registro actualizado correctamente
2025-10-24 15:42:04,384 - config - INFO - Registro actualizado.
2025-10-24 15:42:09,798 - config - INFO - Fila 5 - color: rgb(45, 172, 49)
2025-10-24 15:42:09,828 - config - INFO - Clic en radio de fila 5
2025-10-24 15:42:13,960 - config - INFO - Registro actualizado correctamente
2025-10-24 15:42:13,960 - config - INFO - Registro actualizado.
2025-10-24 15:42:18,882 - config - INFO - Fila 6 - color: rgb(45, 172, 49)
2025-10-24 15:42:18,921 - config - INFO - Clic en radio de fila 6
2025-10-24 15:42:23,035 - config - INFO - Registro actualizado correctamente
2025-10-24 15:42:23,036 - config - INFO - Registro actualizado.
2025-10-24 15:42:27,969 - config - INFO - Fila 7 - color: rgb(45, 172, 49)
2025-10-24 15:42:27,996 - config - INFO - Clic en radio de fila 7
2025-10-24 15:42:32,129 - config - INFO - Registro actualizado correctamente
2025-10-24 15:42:32,129 - config - INFO - Registro actualizado.
2025-10-24 15:42:37,029 - config - INFO - Fila 8 - color: rgb(45, 172, 49)
2025-10-24 15:42:37,076 - config - INFO - Clic en radio de fila 8
2025-10-24 15:42:41,205 - config - INFO - Registro actualizado correctamente
2025-10-24 15:42:41,205 - config - INFO - Registro actualizado.
2025-10-24 15:42:46,145 - config - INFO - Fila 9 - color: rgb(45, 172, 49)
2025-10-24 15:42:46,183 - config - INFO - Clic en radio de fila 9
2025-10-24 15:42:50,277 - config - INFO - Registro actualizado correctamente
2025-10-24 15:42:50,278 - config - INFO - Registro actualizado.
2025-10-24 15:42:54,837 - config - INFO - Fila 10 - color: rgb(45, 172, 49)
2025-10-24 15:42:54,876 - config - INFO - Clic en radio de fila 10
2025-10-24 15:42:59,006 - config - INFO - Registro actualizado correctamente
2025-10-24 15:42:59,006 - config - INFO - Registro actualizado.
2025-10-24 15:43:07,083 - config - INFO - Total de filas encontradas: 10
2025-10-24 15:43:09,099 - config - INFO - Fila 1 - color: rgb(45, 172, 49)
2025-10-24 15:43:09,129 - config - INFO - Clic en radio de fila 1
2025-10-24 15:43:13,262 - config - INFO - Registro actualizado correctamente
2025-10-24 15:43:13,262 - config - INFO - Registro actualizado.
2025-10-24 15:43:46,147 - config - INFO - Fila 2 - color: rgb(45, 172, 49)
2025-10-24 15:43:46,182 - config - INFO - Clic en radio de fila 2
2025-10-24 15:43:50,299 - config - INFO - Registro actualizado correctamente
2025-10-24 15:43:50,299 - config - INFO - Registro actualizado.
2025-10-24 15:44:22,649 - config - INFO - Fila 3 - color: rgb(45, 172, 49)
2025-10-24 15:44:22,687 - config - INFO - Clic en radio de fila 3
2025-10-24 15:44:26,801 - config - INFO - Registro actualizado correctamente
2025-10-24 15:44:26,801 - config - INFO - Registro actualizado.
2025-10-24 15:44:59,156 - config - INFO - Fila 4 - color: rgb(45, 172, 49)
2025-10-24 15:44:59,189 - config - INFO - Clic en radio de fila 4
2025-10-24 15:45:03,322 - config - INFO - Registro actualizado correctamente
2025-10-24 15:45:03,322 - config - INFO - Registro actualizado.
2025-10-24 15:45:36,197 - config - INFO - Fila 5 - color: rgb(45, 172, 49)
2025-10-24 15:45:36,226 - config - INFO - Clic en radio de fila 5
2025-10-24 15:45:40,375 - config - INFO - Registro actualizado correctamente
2025-10-24 15:45:40,376 - config - INFO - Registro actualizado.
2025-10-24 15:46:01,157 - config - INFO - Fila 6 - color: rgb(45, 172, 49)
2025-10-24 15:46:01,191 - config - INFO - Clic en radio de fila 6
2025-10-24 15:46:05,320 - config - INFO - Registro actualizado correctamente
2025-10-24 15:46:05,320 - config - INFO - Registro actualizado.
2025-10-24 15:46:16,951 - config - INFO - Fila 7 - color: rgb(45, 172, 49)
2025-10-24 15:46:16,995 - config - INFO - Clic en radio de fila 7
2025-10-24 15:46:21,108 - config - INFO - Registro actualizado correctamente
2025-10-24 15:46:21,108 - config - INFO - Registro actualizado.
2025-10-24 15:46:54,085 - config - INFO - Fila 8 - color: rgb(45, 172, 49)
2025-10-24 15:46:54,131 - config - INFO - Clic en radio de fila 8
2025-10-24 15:46:58,279 - config - INFO - Registro actualizado correctamente
2025-10-24 15:46:58,279 - config - INFO - Registro actualizado.
2025-10-24 15:47:30,709 - config - INFO - Fila 9 - color: rgb(45, 172, 49)
2025-10-24 15:47:30,749 - config - INFO - Clic en radio de fila 9
2025-10-24 15:47:34,866 - config - INFO - Registro actualizado correctamente
2025-10-24 15:47:34,866 - config - INFO - Registro actualizado.
2025-10-24 15:48:07,758 - config - INFO - Fila 10 - color: rgb(45, 172, 49)
2025-10-24 15:48:07,805 - config - INFO - Clic en radio de fila 10
2025-10-24 15:48:11,917 - config - INFO - Registro actualizado correctamente
2025-10-24 15:48:11,918 - config - INFO - Registro actualizado.
2025-10-24 15:48:47,508 - config - INFO - Total de filas encontradas: 10
2025-10-24 15:48:49,530 - config - INFO - Fila 1 - color: rgb(45, 172, 49)
2025-10-24 15:48:49,568 - config - INFO - Clic en radio de fila 1
2025-10-24 15:48:53,701 - config - INFO - Registro actualizado correctamente
2025-10-24 15:48:53,701 - config - INFO - Registro actualizado.
2025-10-24 15:49:27,601 - config - INFO - Fila 2 - color: rgb(45, 172, 49)
2025-10-24 15:49:27,635 - config - INFO - Clic en radio de fila 2
2025-10-24 15:49:31,803 - config - INFO - Registro actualizado correctamente
2025-10-24 15:49:31,803 - config - INFO - Registro actualizado.
2025-10-24 15:50:04,674 - config - INFO - Fila 3 - color: rgb(45, 172, 49)
2025-10-24 15:50:04,708 - config - INFO - Clic en radio de fila 3
2025-10-24 15:50:08,839 - config - INFO - Registro actualizado correctamente
2025-10-24 15:50:08,840 - config - INFO - Registro actualizado.
